###############################################################################
#
# IAR ELF Linker V9.20.4.327/W64 for ARM                  03/Jul/2023  10:15:13
# Copyright 2007-2022 IAR Systems AB.
#
#    Output file  =
#        C:\Users\hp\Documents\STM32_PROJECTS\rndis_final\EWARM\rndis_final\Exe\rndis_final.out
#    Map file     =
#        C:\Users\hp\Documents\STM32_PROJECTS\rndis_final\EWARM\rndis_final\List\rndis_final.map
#    Command line =
#        -f
#        C:\Users\hp\Documents\STM32_PROJECTS\rndis_final\EWARM\rndis_final\Exe\rndis_final.out.rsp
#        (C:\Users\hp\Documents\STM32_PROJECTS\rndis_final\EWARM\rndis_final\Obj\Middlewares\Lwip_lib\api\api_lib.o
#        C:\Users\hp\Documents\STM32_PROJECTS\rndis_final\EWARM\rndis_final\Obj\Middlewares\Lwip_lib\api\api_msg.o
#        C:\Users\hp\Documents\STM32_PROJECTS\rndis_final\EWARM\rndis_final\Obj\Middlewares\Lwip_lib\core\autoip.o
#        C:\Users\hp\Documents\STM32_PROJECTS\rndis_final\EWARM\rndis_final\Obj\Middlewares\Lwip_lib\core\def.o
#        C:\Users\hp\Documents\STM32_PROJECTS\rndis_final\EWARM\rndis_final\Obj\Middlewares\Lwip_lib\core\dhcp.o
#        C:\Users\hp\Documents\STM32_PROJECTS\rndis_final\EWARM\rndis_final\Obj\Middlewares\Lwip_lib\core\dns.o
#        C:\Users\hp\Documents\STM32_PROJECTS\rndis_final\EWARM\rndis_final\Obj\Middlewares\Lwip_lib\api\err.o
#        C:\Users\hp\Documents\STM32_PROJECTS\rndis_final\EWARM\rndis_final\Obj\Middlewares\Lwip_lib\core\etharp.o
#        C:\Users\hp\Documents\STM32_PROJECTS\rndis_final\EWARM\rndis_final\Obj\Middlewares\Lwip_lib\netif\ethernet.o
#        C:\Users\hp\Documents\STM32_PROJECTS\rndis_final\EWARM\rndis_final\Obj\Application\User\lwip\Target\ethernetif.o
#        C:\Users\hp\Documents\STM32_PROJECTS\rndis_final\EWARM\rndis_final\Obj\Application\User\Core\gpio.o
#        C:\Users\hp\Documents\STM32_PROJECTS\rndis_final\EWARM\rndis_final\Obj\Middlewares\Lwip_lib\core\icmp.o
#        C:\Users\hp\Documents\STM32_PROJECTS\rndis_final\EWARM\rndis_final\Obj\Middlewares\Lwip_lib\core\igmp.o
#        C:\Users\hp\Documents\STM32_PROJECTS\rndis_final\EWARM\rndis_final\Obj\Middlewares\Lwip_lib\core\inet_chksum.o
#        C:\Users\hp\Documents\STM32_PROJECTS\rndis_final\EWARM\rndis_final\Obj\Middlewares\Lwip_lib\core\init.o
#        C:\Users\hp\Documents\STM32_PROJECTS\rndis_final\EWARM\rndis_final\Obj\Middlewares\Lwip_lib\core\ip.o
#        C:\Users\hp\Documents\STM32_PROJECTS\rndis_final\EWARM\rndis_final\Obj\Middlewares\Lwip_lib\core\ip4.o
#        C:\Users\hp\Documents\STM32_PROJECTS\rndis_final\EWARM\rndis_final\Obj\Middlewares\Lwip_lib\core\ip4_addr.o
#        C:\Users\hp\Documents\STM32_PROJECTS\rndis_final\EWARM\rndis_final\Obj\Middlewares\Lwip_lib\core\ip4_frag.o
#        C:\Users\hp\Documents\STM32_PROJECTS\rndis_final\EWARM\rndis_final\Obj\Application\User\Core\main.o
#        C:\Users\hp\Documents\STM32_PROJECTS\rndis_final\EWARM\rndis_final\Obj\Middlewares\Lwip_lib\core\mem.o
#        C:\Users\hp\Documents\STM32_PROJECTS\rndis_final\EWARM\rndis_final\Obj\Middlewares\Lwip_lib\core\memp.o
#        C:\Users\hp\Documents\STM32_PROJECTS\rndis_final\EWARM\rndis_final\Obj\Middlewares\Lwip_lib\api\netbuf.o
#        C:\Users\hp\Documents\STM32_PROJECTS\rndis_final\EWARM\rndis_final\Obj\Middlewares\Lwip_lib\api\netdb.o
#        C:\Users\hp\Documents\STM32_PROJECTS\rndis_final\EWARM\rndis_final\Obj\Middlewares\Lwip_lib\core\netif.o
#        C:\Users\hp\Documents\STM32_PROJECTS\rndis_final\EWARM\rndis_final\Obj\Middlewares\Lwip_lib\api\netifapi.o
#        C:\Users\hp\Documents\STM32_PROJECTS\rndis_final\EWARM\rndis_final\Obj\Middlewares\Lwip_lib\core\pbuf.o
#        C:\Users\hp\Documents\STM32_PROJECTS\rndis_final\EWARM\rndis_final\Obj\Middlewares\Lwip_lib\core\raw.o
#        C:\Users\hp\Documents\STM32_PROJECTS\rndis_final\EWARM\rndis_final\Obj\Middlewares\Lwip_lib\api\sockets.o
#        C:\Users\hp\Documents\STM32_PROJECTS\rndis_final\EWARM\rndis_final\Obj\Application\EWARM\startup_stm32g0b1xx.o
#        C:\Users\hp\Documents\STM32_PROJECTS\rndis_final\EWARM\rndis_final\Obj\Middlewares\Lwip_lib\core\stats.o
#        C:\Users\hp\Documents\STM32_PROJECTS\rndis_final\EWARM\rndis_final\Obj\Drivers\STM32G0xx_HAL_Driver\stm32g0xx_hal.o
#        C:\Users\hp\Documents\STM32_PROJECTS\rndis_final\EWARM\rndis_final\Obj\Drivers\STM32G0xx_HAL_Driver\stm32g0xx_hal_cortex.o
#        C:\Users\hp\Documents\STM32_PROJECTS\rndis_final\EWARM\rndis_final\Obj\Drivers\STM32G0xx_HAL_Driver\stm32g0xx_hal_dma.o
#        C:\Users\hp\Documents\STM32_PROJECTS\rndis_final\EWARM\rndis_final\Obj\Drivers\STM32G0xx_HAL_Driver\stm32g0xx_hal_dma_ex.o
#        C:\Users\hp\Documents\STM32_PROJECTS\rndis_final\EWARM\rndis_final\Obj\Drivers\STM32G0xx_HAL_Driver\stm32g0xx_hal_exti.o
#        C:\Users\hp\Documents\STM32_PROJECTS\rndis_final\EWARM\rndis_final\Obj\Drivers\STM32G0xx_HAL_Driver\stm32g0xx_hal_flash.o
#        C:\Users\hp\Documents\STM32_PROJECTS\rndis_final\EWARM\rndis_final\Obj\Drivers\STM32G0xx_HAL_Driver\stm32g0xx_hal_flash_ex.o
#        C:\Users\hp\Documents\STM32_PROJECTS\rndis_final\EWARM\rndis_final\Obj\Drivers\STM32G0xx_HAL_Driver\stm32g0xx_hal_gpio.o
#        C:\Users\hp\Documents\STM32_PROJECTS\rndis_final\EWARM\rndis_final\Obj\Application\User\Core\stm32g0xx_hal_msp.o
#        C:\Users\hp\Documents\STM32_PROJECTS\rndis_final\EWARM\rndis_final\Obj\Drivers\STM32G0xx_HAL_Driver\stm32g0xx_hal_pcd.o
#        C:\Users\hp\Documents\STM32_PROJECTS\rndis_final\EWARM\rndis_final\Obj\Drivers\STM32G0xx_HAL_Driver\stm32g0xx_hal_pcd_ex.o
#        C:\Users\hp\Documents\STM32_PROJECTS\rndis_final\EWARM\rndis_final\Obj\Drivers\STM32G0xx_HAL_Driver\stm32g0xx_hal_pwr.o
#        C:\Users\hp\Documents\STM32_PROJECTS\rndis_final\EWARM\rndis_final\Obj\Drivers\STM32G0xx_HAL_Driver\stm32g0xx_hal_pwr_ex.o
#        C:\Users\hp\Documents\STM32_PROJECTS\rndis_final\EWARM\rndis_final\Obj\Drivers\STM32G0xx_HAL_Driver\stm32g0xx_hal_rcc.o
#        C:\Users\hp\Documents\STM32_PROJECTS\rndis_final\EWARM\rndis_final\Obj\Drivers\STM32G0xx_HAL_Driver\stm32g0xx_hal_rcc_ex.o
#        C:\Users\hp\Documents\STM32_PROJECTS\rndis_final\EWARM\rndis_final\Obj\Drivers\STM32G0xx_HAL_Driver\stm32g0xx_hal_tim.o
#        C:\Users\hp\Documents\STM32_PROJECTS\rndis_final\EWARM\rndis_final\Obj\Drivers\STM32G0xx_HAL_Driver\stm32g0xx_hal_tim_ex.o
#        C:\Users\hp\Documents\STM32_PROJECTS\rndis_final\EWARM\rndis_final\Obj\Application\User\Core\stm32g0xx_it.o
#        C:\Users\hp\Documents\STM32_PROJECTS\rndis_final\EWARM\rndis_final\Obj\Drivers\STM32G0xx_HAL_Driver\stm32g0xx_ll_dma.o
#        C:\Users\hp\Documents\STM32_PROJECTS\rndis_final\EWARM\rndis_final\Obj\Drivers\STM32G0xx_HAL_Driver\stm32g0xx_ll_rcc.o
#        C:\Users\hp\Documents\STM32_PROJECTS\rndis_final\EWARM\rndis_final\Obj\Drivers\STM32G0xx_HAL_Driver\stm32g0xx_ll_usb.o
#        C:\Users\hp\Documents\STM32_PROJECTS\rndis_final\EWARM\rndis_final\Obj\Middlewares\Lwip_lib\core\sys.o
#        C:\Users\hp\Documents\STM32_PROJECTS\rndis_final\EWARM\rndis_final\Obj\Middlewares\Lwip_lib\system\sys_arch.o
#        C:\Users\hp\Documents\STM32_PROJECTS\rndis_final\EWARM\rndis_final\Obj\Drivers\CMSIS\system_stm32g0xx.o
#        C:\Users\hp\Documents\STM32_PROJECTS\rndis_final\EWARM\rndis_final\Obj\Middlewares\Lwip_lib\core\tcp.o
#        C:\Users\hp\Documents\STM32_PROJECTS\rndis_final\EWARM\rndis_final\Obj\Middlewares\Lwip_lib\core\tcp_in.o
#        C:\Users\hp\Documents\STM32_PROJECTS\rndis_final\EWARM\rndis_final\Obj\Middlewares\Lwip_lib\core\tcp_out.o
#        C:\Users\hp\Documents\STM32_PROJECTS\rndis_final\EWARM\rndis_final\Obj\Middlewares\Lwip_lib\api\tcpip.o
#        C:\Users\hp\Documents\STM32_PROJECTS\rndis_final\EWARM\rndis_final\Obj\Middlewares\Lwip_lib\core\timeouts.o
#        C:\Users\hp\Documents\STM32_PROJECTS\rndis_final\EWARM\rndis_final\Obj\Middlewares\Lwip_lib\core\udp.o
#        C:\Users\hp\Documents\STM32_PROJECTS\rndis_final\EWARM\rndis_final\Obj\Application\User\rndis\App\usb_device.o
#        C:\Users\hp\Documents\STM32_PROJECTS\rndis_final\EWARM\rndis_final\Obj\Middlewares\usb_device_lib\cdc_rndis\usbd_cdc_rndis.o
#        C:\Users\hp\Documents\STM32_PROJECTS\rndis_final\EWARM\rndis_final\Obj\Application\User\rndis\App\usbd_cdc_rndis_if.o
#        C:\Users\hp\Documents\STM32_PROJECTS\rndis_final\EWARM\rndis_final\Obj\Application\User\rndis\Target\usbd_conf.o
#        C:\Users\hp\Documents\STM32_PROJECTS\rndis_final\EWARM\rndis_final\Obj\Middlewares\usb_device_lib\core\usbd_core.o
#        C:\Users\hp\Documents\STM32_PROJECTS\rndis_final\EWARM\rndis_final\Obj\Middlewares\usb_device_lib\core\usbd_ctlreq.o
#        C:\Users\hp\Documents\STM32_PROJECTS\rndis_final\EWARM\rndis_final\Obj\Application\User\rndis\App\usbd_desc.o
#        C:\Users\hp\Documents\STM32_PROJECTS\rndis_final\EWARM\rndis_final\Obj\Middlewares\usb_device_lib\core\usbd_ioreq.o
#        --no_out_extension -o
#        C:\Users\hp\Documents\STM32_PROJECTS\rndis_final\EWARM\rndis_final\Exe\rndis_final.out
#        --redirect _Printf=_PrintfFullNoMb --redirect _Scanf=_ScanfFullNoMb
#        --map
#        C:\Users\hp\Documents\STM32_PROJECTS\rndis_final\EWARM\rndis_final\List\rndis_final.map
#        --config
#        C:\Users\hp\Documents\STM32_PROJECTS\rndis_final\EWARM/stm32g0b1xx_flash.icf
#        --semihosting --entry __iar_program_start --vfe --text_out locale)
#
###############################################################################

*******************************************************************************
*** RUNTIME MODEL ATTRIBUTES
***

CppFlavor       = *
__CPP_Runtime   = 1
__SystemLibrary = DLib
__dlib_version  = 6


*******************************************************************************
*** HEAP SELECTION
***

The basic heap was selected because no calls to memory allocation
functions were found in the application outside of system library
functions, and there are calls to deallocation functions in the
application.


*******************************************************************************
*** PLACEMENT SUMMARY
***

"A0":  place at address 0x800'0000 { ro section .intvec };
"P1":  place in [from 0x800'0000 to 0x807'ffff] { ro };
define block CSTACK with size = 1K, alignment = 8 { };
define block HEAP with size = 512, alignment = 8 { };
"P2":  place in [from 0x2000'0000 to 0x2002'3fff] {
          rw, block CSTACK, block HEAP };
initialize by copy { rw };

  Section            Kind         Address    Size  Object
  -------            ----         -------    ----  ------
"A0":                                        0xbc
  .intvec            ro code   0x800'0000    0xbc  startup_stm32g0b1xx.o [1]
                             - 0x800'00bc    0xbc

"P1":                                      0xaad0
  .text              ro code   0x800'00bc   0xffc  xprintffull_nomb.o [14]
  .text              ro code   0x800'10b8    0x12  strchr.o [16]
  .text              ro code   0x800'10ca    0x7e  lz77_init_single.o [16]
  .text              ro code   0x800'1148    0x48  xfail_s.o [14]
  .text              ro code   0x800'1190     0xe  strlen.o [16]
  .rodata            const     0x800'119e     0x2  xlocale_c.o [14]
  .text              ro code   0x800'11a0    0x16  memchr.o [16]
  .text              ro code   0x800'11b6     0x2  startup_stm32g0b1xx.o [1]
  .text              ro code   0x800'11b8    0x4e  ABImemcpy.o [16]
  .text              ro code   0x800'1206    0x2a  frexp.o [15]
  .text              ro code   0x800'1230    0x32  DblCmpLe.o [15]
  .text              ro code   0x800'1262    0x32  DblCmpGe.o [15]
  .text              ro code   0x800'1294    0x70  ldexp.o [15]
  .text              ro code   0x800'1304    0x52  DblToI32.o [15]
  .text              ro code   0x800'1356     0x2  startup_stm32g0b1xx.o [1]
  .text              ro code   0x800'1358    0x34  IxxToDbl.o [15]
  .text              ro code   0x800'138c   0x1a8  DblAddSub.o [15]
  .text              ro code   0x800'1534    0x5e  I32DivMod.o [16]
  .text              ro code   0x800'1592    0xc2  DblDiv.o [15]
  .text              ro code   0x800'1654   0x184  DblMul.o [15]
  .text              ro code   0x800'17d8     0xc  xlocale_c.o [14]
  .text              ro code   0x800'17e4    0x7c  I64DivMod.o [16]
  .text              ro code   0x800'1860     0xa  abort.o [14]
  .text              ro code   0x800'186a     0x2  startup_stm32g0b1xx.o [1]
  .text              ro code   0x800'186c     0x2  IntDivZer.o [16]
  .text              ro code   0x800'186e     0x2  startup_stm32g0b1xx.o [1]
  .text              ro code   0x800'1870     0x2  I64DivZer.o [16]
  .text              ro code   0x800'1872     0x2  startup_stm32g0b1xx.o [1]
  .text              ro code   0x800'1874    0x14  exit.o [17]
  .text              ro code   0x800'1888    0x7c  iarttio.o [17]
  .text              ro code   0x800'1904     0x8  XShttio.o [14]
  .text              ro code   0x800'190c   0xec8  tcp_in.o [9]
  .text              ro code   0x800'27d4    0x32  ip4_addr.o [9]
  .text              ro code   0x800'2806   0x14e  inet_chksum.o [9]
  .text              ro code   0x800'2954    0x26  def.o [9]
  .text              ro code   0x800'297a     0x2  startup_stm32g0b1xx.o [1]
  .text              ro code   0x800'297c   0x4c4  pbuf.o [9]
  .text              ro code   0x800'2e40    0x16  uread4.o [16]
  .text              ro code   0x800'2e56     0x2  startup_stm32g0b1xx.o [1]
  .text              ro code   0x800'2e58    0x14  uwrite4.o [16]
  .text              ro code   0x800'2e6c   0xa98  tcp.o [9]
  .text              ro code   0x800'3904   0xa4c  tcp_out.o [9]
  .text              ro code   0x800'4350   0x17c  timeouts.o [9]
  .text              ro code   0x800'44cc   0x46c  ip4.o [9]
  .text              ro code   0x800'4938    0xd8  memp.o [9]
  .text              ro code   0x800'4a10   0x29c  mem.o [9]
  .text              ro code   0x800'4cac    0x28  printf.o [14]
  .text              ro code   0x800'4cd4    0xf8  rand.o [14]
  .text              ro code   0x800'4dcc    0x10  ABImemset_small.o [16]
  .text              ro code   0x800'4ddc   0x2c8  netif.o [9]
  .text              ro code   0x800'50a4   0x188  ethernetif.o [3]
  .text              ro code   0x800'522c   0x2b8  igmp.o [9]
  .text              ro code   0x800'54e4   0x778  ip4_frag.o [9]
  .text              ro code   0x800'5c5c   0x1f4  udp.o [9]
  .text              ro code   0x800'5e50   0x208  icmp.o [9]
  .text              ro code   0x800'6058   0x610  etharp.o [9]
  .text              ro code   0x800'6668   0x864  usbd_cdc_rndis.o [12]
  .text              ro code   0x800'6ecc   0x336  usbd_conf.o [5]
  .text              ro code   0x800'7202     0x2  startup_stm32g0b1xx.o [1]
  .text              ro code   0x800'7204     0xc  stm32g0xx_hal.o [7]
  .text              ro code   0x800'7210     0x2  ethernetif.o [3]
  .text              ro code   0x800'7212     0x2  startup_stm32g0b1xx.o [1]
  .text              ro code   0x800'7214   0x104  ethernet.o [10]
  .text              ro code   0x800'7318    0x7e  usbd_ioreq.o [13]
  .text              ro code   0x800'7396     0x2  startup_stm32g0b1xx.o [1]
  .text              ro code   0x800'7398   0x5fc  usbd_ctlreq.o [13]
  .text              ro code   0x800'7994   0x376  usbd_core.o [13]
  .text              ro code   0x800'7d0a     0x2  startup_stm32g0b1xx.o [1]
  .text              ro code   0x800'7d0c   0x188  stm32g0xx_hal_gpio.o [7]
  .text              ro code   0x800'7e94   0x2a4  stm32g0xx_hal_rcc_ex.o [7]
  .text              ro code   0x800'8138    0xa2  main.o [2]
  .text              ro code   0x800'81da     0x2  startup_stm32g0b1xx.o [1]
  .text              ro code   0x800'81dc    0x64  stm32g0xx_hal_pwr_ex.o [7]
  .text              ro code   0x800'8240    0x90  stm32g0xx_hal_cortex.o [7]
  .text              ro code   0x800'82d0   0xc30  stm32g0xx_hal_pcd.o [7]
  .text              ro code   0x800'8f00    0x5c  stm32g0xx_hal_pcd_ex.o [7]
  .text              ro code   0x800'8f5c    0x1e  memcmp.o [16]
  .text              ro code   0x800'8f7a     0x2  startup_stm32g0b1xx.o [1]
  .text              ro code   0x800'8f7c    0x28  stm32g0xx_hal.o [7]
  .text              ro code   0x800'8fa4    0x38  usb_device.o [4]
  .text              ro code   0x800'8fdc   0x630  stm32g0xx_hal_rcc.o [7]
  .text              ro code   0x800'960c   0xcac  stm32g0xx_ll_usb.o [7]
  .text              ro code   0x800'a2b8    0x4c  stm32g0xx_hal.o [7]
  .text              ro code   0x800'a304    0x30  stm32g0xx_hal_msp.o [2]
  .text              ro code   0x800'a334   0x108  usbd_cdc_rndis_if.o [4]
  .text              ro code   0x800'a43c    0x20  init.o [9]
  .text              ro code   0x800'a45c    0xb0  usbd_desc.o [4]
  .rodata            const     0x800'a50c    0x6a  xprintffull_nomb.o [14]
  .text              ro code   0x800'a576     0x2  startup_stm32g0b1xx.o [1]
  .rodata            const     0x800'a578    0x5c  pbuf.o [9]
  .rodata            const     0x800'a5d4    0x54  usbd_cdc_rndis.o [12]
  .text              ro code   0x800'a628    0x44  putchar.o [14]
  .text              ro code   0x800'a66c    0x10  write.o [17]
  .text              ro code   0x800'a67c    0x1e  dwrite.o [17]
  .text              ro code   0x800'a69a    0x20  iarwstd.o [17]
  .text              ro code   0x800'a6ba    0x22  iarwrite.o [17]
  .rodata            const     0x800'a6dc    0x40  system_stm32g0xx.o [6]
  .text              ro code   0x800'a71c    0x3c  zero_init3.o [16]
  .rodata            const     0x800'a758    0x38  pbuf.o [9]
  .rodata            const     0x800'a790    0x28  memp.o [9]
  .rodata            const     0x800'a7b8    0x28  tcp.o [9]
  .text              ro code   0x800'a7e0    0x28  data_init.o [16]
  .rodata            const     0x800'a808    0x24  netif.o [9]
  .rodata            const     0x800'a82c    0x24  pbuf.o [9]
  .iar.init_table    const     0x800'a850    0x20  - Linker created -
  .text              ro code   0x800'a870    0x20  stm32g0xx_it.o [2]
  .text              ro code   0x800'a890    0x10  stm32g0xx_hal.o [7]
  .text              ro code   0x800'a8a0    0x1e  cmain.o [16]
  .text              ro code   0x800'a8be     0x4  low_level_init.o [14]
  .text              ro code   0x800'a8c2     0x8  exit.o [14]
  .text              ro code   0x800'a8ca     0x2  startup_stm32g0b1xx.o [1]
  .text              ro code   0x800'a8cc     0xa  cexit.o [16]
  .text              ro code   0x800'a8d6     0x2  startup_stm32g0b1xx.o [1]
  .text              ro code   0x800'a8d8    0x1c  cstartup_M.o [16]
  .text              ro code   0x800'a8f4    0x16  xprout.o [14]
  .text              ro code   0x800'a90a     0x2  startup_stm32g0b1xx.o [1]
  .rodata            const     0x800'a90c    0x10  memp.o [9]
  .rodata            const     0x800'a91c    0x10  memp.o [9]
  .rodata            const     0x800'a92c    0x10  memp.o [9]
  .rodata            const     0x800'a93c    0x10  memp.o [9]
  .rodata            const     0x800'a94c    0x10  memp.o [9]
  .rodata            const     0x800'a95c    0x10  memp.o [9]
  .rodata            const     0x800'a96c    0x10  memp.o [9]
  .rodata            const     0x800'a97c    0x10  memp.o [9]
  .rodata            const     0x800'a98c    0x10  memp.o [9]
  .rodata            const     0x800'a99c    0x10  memp.o [9]
  .rodata            const     0x800'a9ac    0x10  memp.o [9]
  .rodata            const     0x800'a9bc    0x10  memp.o [9]
  .rodata            const     0x800'a9cc    0x10  usbd_cdc_rndis_if.o [4]
  .text              ro code   0x800'a9dc    0x10  startup_stm32g0b1xx.o [1]
  .rodata            const     0x800'a9ec     0xc  memp.o [9]
  .rodata            const     0x800'a9f8     0xc  memp.o [9]
  .rodata            const     0x800'aa04     0xc  memp.o [9]
  .rodata            const     0x800'aa10     0xc  memp.o [9]
  .rodata            const     0x800'aa1c     0xc  memp.o [9]
  .rodata            const     0x800'aa28     0x8  ethernet.o [10]
  .rodata            const     0x800'aa30     0x8  memp.o [9]
  .rodata            const     0x800'aa38     0x8  memp.o [9]
  .rodata            const     0x800'aa40     0x8  memp.o [9]
  .rodata            const     0x800'aa48     0x4  ip4_addr.o [9]
  .text              ro code   0x800'aa4c     0x2  startup_stm32g0b1xx.o [1]
  .text              ro code   0x800'aa4e     0x2  startup_stm32g0b1xx.o [1]
  .text              ro code   0x800'aa50     0x2  startup_stm32g0b1xx.o [1]
  .text              ro code   0x800'aa52     0x2  startup_stm32g0b1xx.o [1]
  .text              ro code   0x800'aa54     0x2  startup_stm32g0b1xx.o [1]
  .text              ro code   0x800'aa56     0x2  startup_stm32g0b1xx.o [1]
  .text              ro code   0x800'aa58     0x2  startup_stm32g0b1xx.o [1]
  .text              ro code   0x800'aa5a     0x2  startup_stm32g0b1xx.o [1]
  .text              ro code   0x800'aa5c     0x2  startup_stm32g0b1xx.o [1]
  .text              ro code   0x800'aa5e     0x2  startup_stm32g0b1xx.o [1]
  .text              ro code   0x800'aa60     0x2  startup_stm32g0b1xx.o [1]
  .text              ro code   0x800'aa62     0x2  startup_stm32g0b1xx.o [1]
  .text              ro code   0x800'aa64     0x2  startup_stm32g0b1xx.o [1]
  .rodata            const     0x800'aa66     0x1  xlocale_c.o [14]
  .text              ro code   0x800'aa68     0x2  system_stm32g0xx.o [6]
  .rodata            const     0x800'aa6a     0x0  zero_init3.o [16]
  .rodata            const     0x800'aa6a     0x0  lz77_init_single.o [16]
  Initializer bytes  const     0x800'aa6a   0x122  <for P2-1>
                             - 0x800'ab8c  0xaad0

"P2", part 1 of 3:                          0x1de
  P2-1                        0x2000'0000   0x1de  <Init block>
    .data            inited   0x2000'0000     0xc  stm32g0xx_hal.o [7]
    .data            inited   0x2000'000c     0x4  system_stm32g0xx.o [6]
    .data            inited   0x2000'0010    0x1c  tcp.o [9]
    .data            inited   0x2000'002c     0x8  udp.o [9]
    .data            inited   0x2000'0034     0xc  usbd_cdc_rndis.o [12]
    .data            inited   0x2000'0040     0x8  usbd_cdc_rndis.o [12]
    .data            inited   0x2000'0048     0x8  usbd_cdc_rndis.o [12]
    .data            inited   0x2000'0050    0x3c  usbd_cdc_rndis.o [12]
    .data            inited   0x2000'008c    0x4c  usbd_cdc_rndis.o [12]
    .data            inited   0x2000'00d8    0x1c  usbd_cdc_rndis_if.o [4]
    .data            inited   0x2000'00f4    0x24  usbd_desc.o [4]
    .data            inited   0x2000'0118    0x14  usbd_desc.o [4]
    .data            inited   0x2000'012c     0x4  usbd_desc.o [4]
    .data            inited   0x2000'0130    0x1c  usbd_desc.o [4]
    .data            inited   0x2000'014c     0x8  rand.o [14]
    .data            inited   0x2000'0154    0x38  xlocale_c.o [14]
    .data            inited   0x2000'018c    0x48  xfiles.o [14]
    .data            inited   0x2000'01d4     0x8  XShttio.o [14]
    .data            inited   0x2000'01dc     0x2  tcp.o [9]
                            - 0x2000'01de   0x1de

"P2", part 2 of 3:                         0x7b78
  .bss               zero     0x2000'01e0  0x3024  memp.o [9]
  .bss               zero     0x2000'3204  0x2820  mem.o [9]
  .bss               zero     0x2000'5a24   0xca4  usbd_cdc_rndis_if.o [4]
  .bss               zero     0x2000'66c8   0x5f4  memp.o [9]
  .bss               zero     0x2000'6cbc   0x308  usbd_conf.o [5]
  .bss               zero     0x2000'6fc4   0x2dc  main.o [2]
  .bss               zero     0x2000'72a0   0x16c  memp.o [9]
  .bss               zero     0x2000'740c   0x100  usbd_cdc_rndis.o [12]
  .bss               zero     0x2000'750c   0x100  usbd_desc.o [4]
  .bss               zero     0x2000'760c    0xf4  memp.o [9]
  .bss               zero     0x2000'7700    0xf0  etharp.o [9]
  .bss               zero     0x2000'77f0    0xa4  memp.o [9]
  .bss               zero     0x2000'7894    0xa4  memp.o [9]
  .bss               zero     0x2000'7938    0xa4  memp.o [9]
  .bss               zero     0x2000'79dc    0xa4  memp.o [9]
  .bss               zero     0x2000'7a80    0x90  memp.o [9]
  .bss               zero     0x2000'7b10    0x84  memp.o [9]
  .bss               zero     0x2000'7b94    0x84  rand.o [14]
  .bss               zero     0x2000'7c18    0x50  xfiles.o [14]
  .bss               zero     0x2000'7c68    0x3c  main.o [2]
  .bss               zero     0x2000'7ca4    0x3c  tcp_in.o [9]
  .bss               zero     0x2000'7ce0    0x18  ip.o [9]
  .bss               zero     0x2000'7cf8     0xc  netif.o [9]
  .bss               zero     0x2000'7d04     0x8  igmp.o [9]
  .bss               zero     0x2000'7d0c     0x8  ip4_frag.o [9]
  .bss               zero     0x2000'7d14     0x8  timeouts.o [9]
  .bss               zero     0x2000'7d1c     0x4  ip4.o [9]
  .bss               zero     0x2000'7d20     0x4  memp.o [9]
  .bss               zero     0x2000'7d24     0x4  memp.o [9]
  .bss               zero     0x2000'7d28     0x4  memp.o [9]
  .bss               zero     0x2000'7d2c     0x4  memp.o [9]
  .bss               zero     0x2000'7d30     0x4  memp.o [9]
  .bss               zero     0x2000'7d34     0x4  memp.o [9]
  .bss               zero     0x2000'7d38     0x4  memp.o [9]
  .bss               zero     0x2000'7d3c     0x4  memp.o [9]
  .bss               zero     0x2000'7d40     0x4  memp.o [9]
  .bss               zero     0x2000'7d44     0x4  memp.o [9]
  .bss               zero     0x2000'7d48     0x4  timeouts.o [9]
  .bss               zero     0x2000'7d4c     0x4  xfail_s.o [14]
  .bss               zero     0x2000'7d50     0x2  ip4.o [9]
  .bss               zero     0x2000'7d52     0x1  etharp.o [9]
  .bss               zero     0x2000'7d53     0x1  tcp.o [9]
  .bss               zero     0x2000'7d54     0x1  usbd_cdc_rndis.o [12]
  .bss               zero     0x2000'7d55     0x1  usbd_ctlreq.o [13]
                            - 0x2000'7d56  0x7b76

"P2", part 3 of 3:                          0x400
  CSTACK                      0x2000'7d58   0x400  <Block>
    CSTACK           uninit   0x2000'7d58   0x400  <Block tail>
                            - 0x2000'8158   0x400

Unused ranges:

         From           To      Size
         ----           --      ----
   0x800'ab8c   0x807'ffff  0x7'5474
  0x2000'01de  0x2000'01df       0x2
  0x2000'8158  0x2002'3fff  0x1'bea8


*******************************************************************************
*** INIT TABLE
***

          Address      Size
          -------      ----
Zero (__iar_zero_init3)
    1 destination range, total size 0x7b76:
          0x2000'01e0  0x7b76

Copy/lz77 (__iar_lz77_init_single3)
    1 source range, total size 0x122 (60% of destination):
           0x800'aa6a   0x122
    1 destination range, total size 0x1de:
          0x2000'0000   0x1de



*******************************************************************************
*** MODULE SUMMARY
***

    Module                  ro code  ro data  rw data
    ------                  -------  -------  -------
command line/config:
    -------------------------------------------------
    Total:

C:\Users\hp\Documents\STM32_PROJECTS\rndis_final\EWARM\rndis_final\Obj\Application\EWARM: [1]
    startup_stm32g0b1xx.o       264
    -------------------------------------------------
    Total:                      264

C:\Users\hp\Documents\STM32_PROJECTS\rndis_final\EWARM\rndis_final\Obj\Application\User\Core: [2]
    main.o                      162               792
    stm32g0xx_hal_msp.o          48
    stm32g0xx_it.o               32
    -------------------------------------------------
    Total:                      242               792

C:\Users\hp\Documents\STM32_PROJECTS\rndis_final\EWARM\rndis_final\Obj\Application\User\lwip\Target: [3]
    ethernetif.o                394
    -------------------------------------------------
    Total:                      394

C:\Users\hp\Documents\STM32_PROJECTS\rndis_final\EWARM\rndis_final\Obj\Application\User\rndis\App: [4]
    usb_device.o                 56
    usbd_cdc_rndis_if.o         264       33    3'264
    usbd_desc.o                 176       53      344
    -------------------------------------------------
    Total:                      496       86    3'608

C:\Users\hp\Documents\STM32_PROJECTS\rndis_final\EWARM\rndis_final\Obj\Application\User\rndis\Target: [5]
    usbd_conf.o                 822               776
    -------------------------------------------------
    Total:                      822               776

C:\Users\hp\Documents\STM32_PROJECTS\rndis_final\EWARM\rndis_final\Obj\Drivers\CMSIS: [6]
    system_stm32g0xx.o            2       66        4
    -------------------------------------------------
    Total:                        2       66        4

C:\Users\hp\Documents\STM32_PROJECTS\rndis_final\EWARM\rndis_final\Obj\Drivers\STM32G0xx_HAL_Driver: [7]
    stm32g0xx_hal.o             144        7       12
    stm32g0xx_hal_cortex.o      144
    stm32g0xx_hal_gpio.o        392
    stm32g0xx_hal_pcd.o       3'120
    stm32g0xx_hal_pcd_ex.o       92
    stm32g0xx_hal_pwr_ex.o      100
    stm32g0xx_hal_rcc.o       1'584
    stm32g0xx_hal_rcc_ex.o      676
    stm32g0xx_ll_usb.o        3'244
    -------------------------------------------------
    Total:                    9'496        7       12

C:\Users\hp\Documents\STM32_PROJECTS\rndis_final\EWARM\rndis_final\Obj\Middlewares\Lwip_lib\api: [8]
    -------------------------------------------------
    Total:

C:\Users\hp\Documents\STM32_PROJECTS\rndis_final\EWARM\rndis_final\Obj\Middlewares\Lwip_lib\core: [9]
    def.o                        38
    etharp.o                  1'552               241
    icmp.o                      520
    igmp.o                      696                 8
    inet_chksum.o               334
    init.o                       32
    ip.o                                           24
    ip4.o                     1'132                 6
    ip4_addr.o                   50        4
    ip4_frag.o                1'912                 8
    mem.o                       668            10'272
    memp.o                      216      316   15'428
    netif.o                     712       36       12
    pbuf.o                    1'220      184
    tcp.o                     2'712       59       31
    tcp_in.o                  3'784                60
    tcp_out.o                 2'636
    timeouts.o                  380                12
    udp.o                       500        5        8
    -------------------------------------------------
    Total:                   19'094      604   26'110

C:\Users\hp\Documents\STM32_PROJECTS\rndis_final\EWARM\rndis_final\Obj\Middlewares\Lwip_lib\netif: [10]
    ethernet.o                  260        8
    -------------------------------------------------
    Total:                      260        8

C:\Users\hp\Documents\STM32_PROJECTS\rndis_final\EWARM\rndis_final\Obj\Middlewares\Lwip_lib\system: [11]
    -------------------------------------------------
    Total:

C:\Users\hp\Documents\STM32_PROJECTS\rndis_final\EWARM\rndis_final\Obj\Middlewares\usb_device_lib\cdc_rndis: [12]
    usbd_cdc_rndis.o          2'148      184      421
    -------------------------------------------------
    Total:                    2'148      184      421

C:\Users\hp\Documents\STM32_PROJECTS\rndis_final\EWARM\rndis_final\Obj\Middlewares\usb_device_lib\core: [13]
    usbd_core.o                 886
    usbd_ctlreq.o             1'532                 1
    usbd_ioreq.o                126
    -------------------------------------------------
    Total:                    2'544                 1

dl6M_tlf.a: [14]
    XShttio.o                     8        5        8
    abort.o                      10
    exit.o                        8
    low_level_init.o              4
    printf.o                     40
    putchar.o                    68
    rand.o                      248        5      140
    xfail_s.o                    72                 4
    xfiles.o                              43      152
    xlocale_c.o                  12       37       56
    xprintffull_nomb.o        4'092      106
    xprout.o                     22
    -------------------------------------------------
    Total:                    4'584      196      360

m6M_tl.a: [15]
    DblAddSub.o                 424
    DblCmpGe.o                   50
    DblCmpLe.o                   50
    DblDiv.o                    194
    DblMul.o                    388
    DblToI32.o                   82
    IxxToDbl.o                   52
    frexp.o                      42
    ldexp.o                     112
    -------------------------------------------------
    Total:                    1'394

rt6M_tl.a: [16]
    ABImemcpy.o                  78
    ABImemset_small.o            16
    I32DivMod.o                  94
    I64DivMod.o                 124
    I64DivZer.o                   2
    IntDivZer.o                   2
    cexit.o                      10
    cmain.o                      30
    cstartup_M.o                 28
    data_init.o                  40
    lz77_init_single.o          126
    memchr.o                     22
    memcmp.o                     30
    strchr.o                     18
    strlen.o                     14
    uread4.o                     22
    uwrite4.o                    20
    zero_init3.o                 60
    -------------------------------------------------
    Total:                      736

shb_l.a: [17]
    dwrite.o                     30
    exit.o                       20
    iarttio.o                   124
    iarwrite.o                   34
    iarwstd.o                    32
    write.o                      16
    -------------------------------------------------
    Total:                      256

    Gaps                          1
    Linker created                        32    1'024
-----------------------------------------------------
    Grand Total:             42'733    1'183   33'108


*******************************************************************************
*** ENTRY LIST
***

Entry                       Address    Size  Type      Object
-----                       -------    ----  ----      ------
.iar.init_table$$Base    0x800'a850           --   Gb  - Linker created -
.iar.init_table$$Limit   0x800'a870           --   Gb  - Linker created -
?main                    0x800'a8a1          Code  Gb  cmain.o [16]
AHBPrescTable            0x800'a6dc    0x40  Data  Gb  system_stm32g0xx.o [6]
CDC_RNDISInitialized    0x2000'5a24     0x1  Data  Lc  usbd_cdc_rndis_if.o [4]
CDC_RNDIS_Desc          0x2000'00f4    0x24  Data  Gb  usbd_desc.o [4]
CDC_RNDIS_Itf_Control    0x800'a3bb    0x1a  Code  Lc  usbd_cdc_rndis_if.o [4]
CDC_RNDIS_Itf_DeInit     0x800'a3af     0xc  Code  Lc  usbd_cdc_rndis_if.o [4]
CDC_RNDIS_Itf_Init       0x800'a335    0x7a  Code  Lc  usbd_cdc_rndis_if.o [4]
CDC_RNDIS_Itf_Process    0x800'a3e7    0x22  Code  Lc  usbd_cdc_rndis_if.o [4]
CDC_RNDIS_Itf_Receive    0x800'a3d5     0xe  Code  Lc  usbd_cdc_rndis_if.o [4]
CDC_RNDIS_Itf_TransmitCplt
                         0x800'a3e3     0x4  Code  Lc  usbd_cdc_rndis_if.o [4]
CDC_RNDIS_SupportedOIDs
                         0x800'a5d4    0x54  Data  Lc  usbd_cdc_rndis.o [12]
CSTACK$$Base            0x2000'7d58           --   Gb  - Linker created -
CSTACK$$Limit           0x2000'8158           --   Gb  - Linker created -
ConnSpeedTab            0x2000'0048     0x8  Data  Lc  usbd_cdc_rndis.o [12]
EmptyResponse           0x2000'7d54     0x1  Data  Lc  usbd_cdc_rndis.o [12]
Error_Handler            0x800'81d7     0x4  Code  Gb  main.o [2]
HAL_GPIO_Init            0x800'7d0d   0x16c  Code  Gb  stm32g0xx_hal_gpio.o [7]
HAL_GetTick              0x800'7205     0xc  Code  Wk  stm32g0xx_hal.o [7]
HAL_IncTick              0x800'a891    0x10  Code  Wk  stm32g0xx_hal.o [7]
HAL_Init                 0x800'8f7d    0x24  Code  Gb  stm32g0xx_hal.o [7]
HAL_InitTick             0x800'a2b9    0x4c  Code  Wk  stm32g0xx_hal.o [7]
HAL_MspInit              0x800'a305    0x30  Code  Gb  stm32g0xx_hal_msp.o [2]
HAL_NVIC_EnableIRQ       0x800'8285    0x12  Code  Gb  stm32g0xx_hal_cortex.o [7]
HAL_NVIC_SetPriority     0x800'827b     0x8  Code  Gb  stm32g0xx_hal_cortex.o [7]
HAL_PCDEx_ActivateLPM    0x800'8f3b    0x22  Code  Gb  stm32g0xx_hal_pcd_ex.o [7]
HAL_PCDEx_LPM_Callback   0x800'7195    0x46  Code  Gb  usbd_conf.o [5]
HAL_PCDEx_PMAConfig      0x800'8f01    0x3a  Code  Gb  stm32g0xx_hal_pcd_ex.o [7]
HAL_PCD_DataInStageCallback
                         0x800'6fb7    0x18  Code  Gb  usbd_conf.o [5]
HAL_PCD_DataOutStageCallback
                         0x800'6f9b    0x1c  Code  Gb  usbd_conf.o [5]
HAL_PCD_EP_Close         0x800'8d7f    0x46  Code  Gb  stm32g0xx_hal_pcd.o [7]
HAL_PCD_EP_ClrStall      0x800'8e95    0x56  Code  Gb  stm32g0xx_hal_pcd.o [7]
HAL_PCD_EP_GetRxCount    0x800'8df5    0x12  Code  Gb  stm32g0xx_hal_pcd.o [7]
HAL_PCD_EP_Open          0x800'8d1f    0x60  Code  Gb  stm32g0xx_hal_pcd.o [7]
HAL_PCD_EP_Receive       0x800'8dc5    0x30  Code  Gb  stm32g0xx_hal_pcd.o [7]
HAL_PCD_EP_SetStall      0x800'8e3b    0x5a  Code  Gb  stm32g0xx_hal_pcd.o [7]
HAL_PCD_EP_Transmit      0x800'8e07    0x34  Code  Gb  stm32g0xx_hal_pcd.o [7]
HAL_PCD_IRQHandler       0x800'8415   0x8ce  Code  Gb  stm32g0xx_hal_pcd.o [7]
HAL_PCD_Init             0x800'8311    0xd2  Code  Gb  stm32g0xx_hal_pcd.o [7]
HAL_PCD_MspInit          0x800'6ecd    0xba  Code  Gb  usbd_conf.o [5]
HAL_PCD_ResetCallback    0x800'6fdd    0x24  Code  Gb  usbd_conf.o [5]
HAL_PCD_ResumeCallback   0x800'7021    0x24  Code  Gb  usbd_conf.o [5]
HAL_PCD_SOFCallback      0x800'6fcf     0xe  Code  Gb  usbd_conf.o [5]
HAL_PCD_SetAddress       0x800'8cf9    0x26  Code  Gb  stm32g0xx_hal_pcd.o [7]
HAL_PCD_SetupStageCallback
                         0x800'6f87    0x14  Code  Gb  usbd_conf.o [5]
HAL_PCD_Start            0x800'83e9    0x2a  Code  Gb  stm32g0xx_hal_pcd.o [7]
HAL_PCD_SuspendCallback
                         0x800'7001    0x20  Code  Gb  usbd_conf.o [5]
HAL_PWREx_ControlVoltageScaling
                         0x800'81f5    0x3a  Code  Gb  stm32g0xx_hal_pwr_ex.o [7]
HAL_PWREx_EnableVddUSB   0x800'81dd     0x8  Code  Gb  stm32g0xx_hal_pwr_ex.o [7]
HAL_RCCEx_PeriphCLKConfig
                         0x800'7e95   0x26e  Code  Gb  stm32g0xx_hal_rcc_ex.o [7]
HAL_RCC_ClockConfig      0x800'9405   0x14e  Code  Gb  stm32g0xx_hal_rcc.o [7]
HAL_RCC_GetSysClockFreq
                         0x800'9561    0x82  Code  Gb  stm32g0xx_hal_rcc.o [7]
HAL_RCC_OscConfig        0x800'8fdd   0x418  Code  Gb  stm32g0xx_hal_rcc.o [7]
HAL_SYSTICK_Config       0x800'8297    0x28  Code  Gb  stm32g0xx_hal_cortex.o [7]
HardFault_Handler        0x800'a873     0x2  Code  Gb  stm32g0xx_it.o [2]
IntToUnicode             0x800'a4d9    0x2a  Code  Lc  usbd_desc.o [4]
MAC_StrDesc             0x2000'0040     0x8  Data  Lc  usbd_cdc_rndis.o [12]
MX_USB_Device_Init       0x800'8fa5    0x38  Code  Gb  usb_device.o [4]
NMI_Handler              0x800'a871     0x2  Code  Gb  stm32g0xx_it.o [2]
PCD_GET_EP_DBUF0_CNT     0x800'82d3    0x1a  Code  Lc  stm32g0xx_hal_pcd.o [7]
PCD_GET_EP_DBUF1_CNT     0x800'82ed     0x2  Code  Lc  stm32g0xx_hal_pcd.o [7]
PCD_GET_EP_RX_CNT        0x800'82d1     0x2  Code  Lc  stm32g0xx_hal_pcd.o [7]
PendSV_Handler           0x800'a877     0x2  Code  Gb  stm32g0xx_it.o [2]
Region$$Table$$Base      0x800'a850           --   Gb  - Linker created -
Region$$Table$$Limit     0x800'a870           --   Gb  - Linker created -
SVC_Handler              0x800'a875     0x2  Code  Gb  stm32g0xx_it.o [2]
SWAPBYTE                 0x800'7399     0xc  Code  Lc  usbd_ctlreq.o [13]
SysTick_Handler          0x800'a879     0x8  Code  Gb  stm32g0xx_it.o [2]
SystemClock_Config       0x800'8161    0x76  Code  Gb  main.o [2]
SystemCoreClock         0x2000'000c     0x4  Data  Gb  system_stm32g0xx.o [6]
SystemInit               0x800'aa69     0x2  Code  Gb  system_stm32g0xx.o [6]
USBD_CDC_RNDIS          0x2000'0050    0x3c  Data  Gb  usbd_cdc_rndis.o [12]
USBD_CDC_RNDIS_CfgDesc  0x2000'008c    0x4c  Data  Lc  usbd_cdc_rndis.o [12]
USBD_CDC_RNDIS_DataIn    0x800'68cb    0x8e  Code  Lc  usbd_cdc_rndis.o [12]
USBD_CDC_RNDIS_DataOut   0x800'6959    0x86  Code  Lc  usbd_cdc_rndis.o [12]
USBD_CDC_RNDIS_DeInit    0x800'6765    0x5e  Code  Lc  usbd_cdc_rndis.o [12]
USBD_CDC_RNDIS_DeviceQualifierDesc
                        0x2000'0034     0xc  Data  Lc  usbd_cdc_rndis.o [12]
USBD_CDC_RNDIS_EP0_RxReady
                         0x800'69f5   0x27a  Code  Lc  usbd_cdc_rndis.o [12]
USBD_CDC_RNDIS_GetDeviceQualifierDescriptor
                         0x800'6d27     0x8  Code  Gb  usbd_cdc_rndis.o [12]
USBD_CDC_RNDIS_GetFSCfgDesc
                         0x800'6c8d     0x4  Code  Lc  usbd_cdc_rndis.o [12]
USBD_CDC_RNDIS_GetHSCfgDesc
                         0x800'6c91    0x46  Code  Lc  usbd_cdc_rndis.o [12]
USBD_CDC_RNDIS_GetOtherSpeedCfgDesc
                         0x800'6cdd     0x2  Code  Lc  usbd_cdc_rndis.o [12]
USBD_CDC_RNDIS_Init      0x800'6669    0xfc  Code  Lc  usbd_cdc_rndis.o [12]
USBD_CDC_RNDIS_RegisterInterface
                         0x800'6d41    0x1c  Code  Gb  usbd_cdc_rndis.o [12]
USBD_CDC_RNDIS_SendNotification
                         0x800'6e59    0x4a  Code  Gb  usbd_cdc_rndis.o [12]
USBD_CDC_RNDIS_SetRxBuffer
                         0x800'6db7    0x20  Code  Gb  usbd_cdc_rndis.o [12]
USBD_CDC_RNDIS_SetTxBuffer
                         0x800'6d91    0x26  Code  Gb  usbd_cdc_rndis.o [12]
USBD_CDC_RNDIS_Setup     0x800'67c3   0x108  Code  Lc  usbd_cdc_rndis.o [12]
USBD_CDC_RNDIS_TransmitPacket
                         0x800'6de9    0x60  Code  Gb  usbd_cdc_rndis.o [12]
USBD_CDC_RNDIS_USRStringDescriptor
                         0x800'6d5d    0x28  Code  Lc  usbd_cdc_rndis.o [12]
USBD_CDC_RNDIS_USRStringDescriptor::USBD_StrDesc
                        0x2000'740c   0x100  Data  Lc  usbd_cdc_rndis.o [12]
USBD_CDC_RNDIS_fops     0x2000'00d8    0x1c  Data  Gb  usbd_cdc_rndis_if.o [4]
USBD_Class_ConfigStrDescriptor
                         0x800'a4a9     0x4  Code  Gb  usbd_desc.o [4]
USBD_Class_DeviceDescriptor
                         0x800'a45d     0x8  Code  Gb  usbd_desc.o [4]
USBD_Class_InterfaceStrDescriptor
                         0x800'a4bf     0x4  Code  Gb  usbd_desc.o [4]
USBD_Class_LangIDStrDescriptor
                         0x800'a465     0x8  Code  Gb  usbd_desc.o [4]
USBD_Class_ManufacturerStrDescriptor
                         0x800'a471     0xc  Code  Gb  usbd_desc.o [4]
USBD_Class_ProductStrDescriptor
                         0x800'a46d     0x4  Code  Gb  usbd_desc.o [4]
USBD_Class_SerialStrDescriptor
                         0x800'a47d    0x2c  Code  Gb  usbd_desc.o [4]
USBD_ClrClassConfig      0x800'7a7b    0x18  Code  Gb  usbd_core.o [13]
USBD_CoreFindEP          0x800'7caf     0x4  Code  Gb  usbd_core.o [13]
USBD_CoreFindIF          0x800'7cab     0x4  Code  Gb  usbd_core.o [13]
USBD_CtlContinueRx       0x800'735f     0x8  Code  Gb  usbd_ioreq.o [13]
USBD_CtlContinueSendData
                         0x800'7335     0x8  Code  Gb  usbd_ioreq.o [13]
USBD_CtlError            0x800'793d    0x14  Code  Gb  usbd_ctlreq.o [13]
USBD_CtlPrepareRx        0x800'733d    0x22  Code  Gb  usbd_ioreq.o [13]
USBD_CtlReceiveStatus    0x800'737f     0xe  Code  Gb  usbd_ioreq.o [13]
USBD_CtlSendData         0x800'7319    0x1c  Code  Gb  usbd_ioreq.o [13]
USBD_CtlSendStatus       0x800'7367     0xe  Code  Gb  usbd_ioreq.o [13]
USBD_Device             0x2000'6fc4   0x2dc  Data  Gb  main.o [2]
USBD_DeviceDesc         0x2000'0118    0x14  Data  Gb  usbd_desc.o [4]
USBD_GetEpDesc           0x800'7cb3    0x4a  Code  Gb  usbd_core.o [13]
USBD_GetNextDesc         0x800'7cfd     0xe  Code  Gb  usbd_core.o [13]
USBD_GetString           0x800'7951    0x44  Code  Gb  usbd_ctlreq.o [13]
USBD_Get_USB_Status      0x800'71eb    0x14  Code  Lc  usbd_conf.o [5]
USBD_Init                0x800'7995    0x40  Code  Gb  usbd_core.o [13]
USBD_LL_ClearStallEP     0x800'711f    0x12  Code  Gb  usbd_conf.o [5]
USBD_LL_CloseEP          0x800'70fb    0x12  Code  Gb  usbd_conf.o [5]
USBD_LL_DataInStage      0x800'7b63    0x9e  Code  Gb  usbd_core.o [13]
USBD_LL_DataOutStage     0x800'7af1    0x72  Code  Gb  usbd_core.o [13]
USBD_LL_GetRxDataSize    0x800'7187     0xe  Code  Gb  usbd_conf.o [5]
USBD_LL_Init             0x800'7045    0x80  Code  Gb  usbd_conf.o [5]
USBD_LL_IsStallEP        0x800'7131    0x20  Code  Gb  usbd_conf.o [5]
USBD_LL_OpenEP           0x800'70e3    0x18  Code  Gb  usbd_conf.o [5]
USBD_LL_PrepareReceive   0x800'7175    0x12  Code  Gb  usbd_conf.o [5]
USBD_LL_Reset            0x800'7c01    0x5e  Code  Gb  usbd_core.o [13]
USBD_LL_Resume           0x800'7c77    0x14  Code  Gb  usbd_core.o [13]
USBD_LL_SOF              0x800'7c8b    0x20  Code  Gb  usbd_core.o [13]
USBD_LL_SetSpeed         0x800'7c5f     0x6  Code  Gb  usbd_core.o [13]
USBD_LL_SetUSBAddress    0x800'7151    0x12  Code  Gb  usbd_conf.o [5]
USBD_LL_SetupStage       0x800'7a93    0x56  Code  Gb  usbd_core.o [13]
USBD_LL_StallEP          0x800'710d    0x12  Code  Gb  usbd_conf.o [5]
USBD_LL_Start            0x800'70d1    0x12  Code  Gb  usbd_conf.o [5]
USBD_LL_Suspend          0x800'7c65    0x12  Code  Gb  usbd_core.o [13]
USBD_LL_Transmit         0x800'7163    0x12  Code  Gb  usbd_conf.o [5]
USBD_LangIDDesc         0x2000'012c     0x4  Data  Gb  usbd_desc.o [4]
USBD_ParseSetupRequest   0x800'7913    0x2a  Code  Gb  usbd_ctlreq.o [13]
USBD_RegisterClass       0x800'79ed    0x4a  Code  Gb  usbd_core.o [13]
USBD_SetClassConfig      0x800'7a61    0x1a  Code  Gb  usbd_core.o [13]
USBD_SetConfig::cfgidx  0x2000'7d55     0x1  Data  Lc  usbd_ctlreq.o [13]
USBD_Start               0x800'7a59     0x8  Code  Gb  usbd_core.o [13]
USBD_StdDevReq           0x800'73a5   0x370  Code  Gb  usbd_ctlreq.o [13]
USBD_StdEPReq            0x800'7793   0x180  Code  Gb  usbd_ctlreq.o [13]
USBD_StdItfReq           0x800'7719    0x7a  Code  Gb  usbd_ctlreq.o [13]
USBD_StrDesc            0x2000'750c   0x100  Data  Gb  usbd_desc.o [4]
USBD_StringSerial       0x2000'0130    0x1c  Data  Gb  usbd_desc.o [4]
USBD_static_free         0x800'71e9     0x2  Code  Gb  usbd_conf.o [5]
USBD_static_malloc       0x800'71ff     0x4  Code  Gb  usbd_conf.o [5]
USB_ActivateEndpoint     0x800'9677   0x2f0  Code  Gb  stm32g0xx_ll_usb.o [7]
USB_CoreInit             0x800'960d    0x14  Code  Gb  stm32g0xx_ll_usb.o [7]
USB_DeactivateEndpoint   0x800'9985   0x132  Code  Gb  stm32g0xx_ll_usb.o [7]
USB_DevConnect           0x800'a1fd     0xe  Code  Gb  stm32g0xx_ll_usb.o [7]
USB_DevInit              0x800'9657    0x16  Code  Gb  stm32g0xx_ll_usb.o [7]
USB_DisableGlobalInt     0x800'962d     0xc  Code  Gb  stm32g0xx_ll_usb.o [7]
USB_EPClearStall         0x800'a185    0x66  Code  Gb  stm32g0xx_ll_usb.o [7]
USB_EPSetStall           0x800'a155    0x2a  Code  Gb  stm32g0xx_ll_usb.o [7]
USB_EPStartXfer          0x800'9add   0x672  Code  Gb  stm32g0xx_ll_usb.o [7]
USB_EnableGlobalInt      0x800'9621     0xc  Code  Gb  stm32g0xx_ll_usb.o [7]
USB_ReadInterrupts       0x800'a20b     0x4  Code  Gb  stm32g0xx_ll_usb.o [7]
USB_ReadPMA              0x800'a261    0x44  Code  Gb  stm32g0xx_ll_usb.o [7]
USB_SetCurrentMode       0x800'963d    0x1a  Code  Gb  stm32g0xx_ll_usb.o [7]
USB_SetDevAddress        0x800'a1f1     0xc  Code  Gb  stm32g0xx_ll_usb.o [7]
USB_UCPD1_2_IRQHandler   0x800'a881     0xa  Code  Gb  stm32g0xx_it.o [2]
USB_WritePMA             0x800'a20f    0x46  Code  Gb  stm32g0xx_ll_usb.o [7]
UserRxBuffer            0x2000'5a28   0x650  Data  Gb  usbd_cdc_rndis_if.o [4]
UserTxBuffer            0x2000'6078   0x650  Data  Lc  usbd_cdc_rndis_if.o [4]
_LitobFullNoMb           0x800'0ef1   0x124  Code  Lc  xprintffull_nomb.o [14]
_Locale_lconv           0x2000'0154    0x38  Data  Lc  xlocale_c.o [14]
_PrintfFullNoMb          0x800'00bd   0xe34  Code  Gb  xprintffull_nomb.o [14]
_Prout                   0x800'a8f5    0x16  Code  Gb  xprout.o [14]
_PutcharFullNoMb         0x800'1061    0x22  Code  Lc  xprintffull_nomb.o [14]
_PutcharsFullNoMb        0x800'1083    0x36  Code  Lc  xprintffull_nomb.o [14]
_Rand_idx               0x2000'7c14     0x4  Data  Lc  rand.o [14]
_Rand_rv                0x2000'7b94    0x80  Data  Lc  rand.o [14]
_Randinit               0x2000'014c     0x1  Data  Gb  rand.o [14]
_Randseed               0x2000'0150     0x4  Data  Gb  rand.o [14]
__ICFEDIT_region_RAM_end__ {Abs}
                        0x2002'3fff          Data  Gb  <internal module>
__ICFEDIT_region_RAM_start__ {Abs}
                        0x2000'0000          Data  Gb  <internal module>
__NVIC_SetPriority       0x800'8241    0x3a  Code  Lc  stm32g0xx_hal_cortex.o [7]
__aeabi_cdcmple          0x800'1231          Code  Gb  DblCmpLe.o [15]
__aeabi_cdrcmple         0x800'1263          Code  Gb  DblCmpGe.o [15]
__aeabi_d2iz             0x800'1305          Code  Gb  DblToI32.o [15]
__aeabi_d2uiz            0x800'1329          Code  Gb  DblToI32.o [15]
__aeabi_ddiv             0x800'1593          Code  Gb  DblDiv.o [15]
__aeabi_dmul             0x800'1655          Code  Gb  DblMul.o [15]
__aeabi_dsub             0x800'1447          Code  Gb  DblAddSub.o [15]
__aeabi_i2d              0x800'1379          Code  Gb  IxxToDbl.o [15]
__aeabi_idiv0            0x800'186d          Code  Gb  IntDivZer.o [16]
__aeabi_ldiv0            0x800'1871          Code  Gb  I64DivZer.o [16]
__aeabi_memcpy           0x800'11ed          Code  Gb  ABImemcpy.o [16]
__aeabi_memcpy4          0x800'11b9          Code  Gb  ABImemcpy.o [16]
__aeabi_memcpy8          0x800'11b9          Code  Gb  ABImemcpy.o [16]
__aeabi_ui2d             0x800'1359          Code  Gb  IxxToDbl.o [15]
__aeabi_uldivmod         0x800'17e5          Code  Gb  I64DivMod.o [16]
__aeabi_uread4           0x800'2e41          Code  Gb  uread4.o [16]
__aeabi_uwrite4          0x800'2e59          Code  Gb  uwrite4.o [16]
__cmain                  0x800'a8a1          Code  Gb  cmain.o [16]
__dwrite                 0x800'a67d    0x1e  Code  Gb  dwrite.o [17]
__exit                   0x800'1875    0x14  Code  Gb  exit.o [17]
__iar_Fail_s             0x800'1149    0x22  Code  Gb  xfail_s.o [14]
__iar_Memchr             0x800'11a1          Code  Gb  memchr.o [16]
__iar_Memcpy             0x800'11f9          Code  Gb  ABImemcpy.o [16]
__iar_Stdout            0x2000'018c    0x48  Data  Gb  xfiles.o [14]
__iar_Strchr             0x800'10b9          Code  Gb  strchr.o [16]
__iar_close_ttio         0x800'1889    0x2c  Code  Gb  iarttio.o [17]
__iar_d2uiz              0x800'132d          Code  Gb  DblToI32.o [15]
__iar_data_init3         0x800'a7e1    0x28  Code  Gb  data_init.o [16]
__iar_frexp              0x800'1213          Code  Gb  frexp.o [15]
__iar_frexp64            0x800'1207          Code  Gb  frexp.o [15]
__iar_frexpl             0x800'1213          Code  Gb  frexp.o [15]
__iar_get_ttio           0x800'18b5    0x4c  Code  Gb  iarttio.o [17]
__iar_ldexp64            0x800'1295          Code  Gb  ldexp.o [15]
__iar_lookup_ttioh       0x800'1905     0x8  Code  Gb  XShttio.o [14]
__iar_lz77_init_single3
                         0x800'10cb    0x7e  Code  Gb  lz77_init_single.o [16]
__iar_program_start      0x800'a8d9          Code  Gb  cstartup_M.o [16]
__iar_scalbln64          0x800'1295          Code  Gb  ldexp.o [15]
__iar_scalbn64           0x800'1295          Code  Gb  ldexp.o [15]
__iar_sh_stdout          0x800'a69b    0x20  Code  Gb  iarwstd.o [17]
__iar_sh_write           0x800'a6bb    0x22  Code  Gb  iarwrite.o [17]
__iar_small_Memset4_word
                         0x800'4dd1          Code  Gb  ABImemset_small.o [16]
__iar_small_Memset_word
                         0x800'4dd1          Code  Gb  ABImemset_small.o [16]
__iar_small_idiv         0x800'1535          Code  Gb  I32DivMod.o [16]
__iar_small_idivmod      0x800'1535          Code  Gb  I32DivMod.o [16]
__iar_small_memclr       0x800'4dcd          Code  Gb  ABImemset_small.o [16]
__iar_small_memclr4      0x800'4dcd          Code  Gb  ABImemset_small.o [16]
__iar_small_memclr8      0x800'4dcd          Code  Gb  ABImemset_small.o [16]
__iar_small_memset       0x800'4dd1          Code  Gb  ABImemset_small.o [16]
__iar_small_memset4      0x800'4dd1          Code  Gb  ABImemset_small.o [16]
__iar_small_memset8      0x800'4dd1          Code  Gb  ABImemset_small.o [16]
__iar_small_uidiv        0x800'155d          Code  Gb  I32DivMod.o [16]
__iar_small_uidivmod     0x800'155d          Code  Gb  I32DivMod.o [16]
__iar_ttio_handles      0x2000'01d4     0x8  Data  Lc  XShttio.o [14]
__iar_zero_init3         0x800'a71d    0x3c  Code  Gb  zero_init3.o [16]
__low_level_init         0x800'a8bf     0x4  Code  Gb  low_level_init.o [14]
__vector_table           0x800'0000          Data  Gb  startup_stm32g0b1xx.o [1]
__write                  0x800'a66d    0x10  Code  Gb  write.o [17]
_call_main               0x800'a8ad          Code  Gb  cmain.o [16]
_exit                    0x800'a8cd          Code  Gb  cexit.o [16]
abort                    0x800'1861     0xa  Code  Gb  abort.o [14]
ackno                   0x2000'7cd4     0x4  Data  Lc  tcp_in.o [9]
allrouters              0x2000'7d08     0x4  Data  Lc  igmp.o [9]
allsystems              0x2000'7d04     0x4  Data  Lc  igmp.o [9]
arp_table               0x2000'7700    0xf0  Data  Lc  etharp.o [9]
current_timeout_due_time
                        0x2000'7d18     0x4  Data  Lc  timeouts.o [9]
do_memp_free_pool        0x800'49a7     0xa  Code  Lc  memp.o [9]
do_memp_malloc_pool      0x800'4979     0xe  Code  Lc  memp.o [9]
etharp_cached_entry     0x2000'7d52     0x1  Data  Lc  etharp.o [9]
etharp_cleanup_netif     0x800'61f1    0x28  Code  Gb  etharp.o [9]
etharp_find_entry        0x800'60e3   0x10e  Code  Lc  etharp.o [9]
etharp_free_entry        0x800'6059    0x2e  Code  Lc  etharp.o [9]
etharp_input             0x800'6221   0x122  Code  Gb  etharp.o [9]
etharp_output            0x800'63b3    0xf2  Code  Gb  etharp.o [9]
etharp_output_to_arp_index
                         0x800'6355    0x5e  Code  Lc  etharp.o [9]
etharp_query             0x800'64a5    0xe4  Code  Gb  etharp.o [9]
etharp_raw               0x800'658d    0x9a  Code  Lc  etharp.o [9]
etharp_request           0x800'6647     0xa  Code  Gb  etharp.o [9]
etharp_request_dst       0x800'6627    0x20  Code  Lc  etharp.o [9]
etharp_tmr               0x800'6087    0x5c  Code  Gb  etharp.o [9]
ethbroadcast             0x800'7310     0x8  Data  Gb  ethernet.o [10]
ethernet_input           0x800'7215    0xb0  Code  Gb  ethernet.o [10]
ethernet_output          0x800'72c5    0x4a  Code  Gb  ethernet.o [10]
ethernetif_init          0x800'5173    0x4c  Code  Gb  ethernetif.o [3]
ethernetif_input         0x800'5107    0x6c  Code  Gb  ethernetif.o [3]
ethernetif_update_config
                         0x800'51e9    0x1e  Code  Gb  ethernetif.o [3]
ethzero                  0x800'aa28     0x8  Data  Gb  ethernet.o [10]
exit                     0x800'a8c3     0x8  Code  Gb  exit.o [14]
flags                   0x2000'7ca4     0x1  Data  Lc  tcp_in.o [9]
frexp                    0x800'1207          Code  Gb  frexp.o [15]
frexpl                   0x800'1207          Code  Gb  frexp.o [15]
gnetif                  0x2000'7c68    0x3c  Data  Gb  main.o [2]
hpcd_USB_DRD_FS         0x2000'6cbc   0x308  Data  Gb  usbd_conf.o [5]
icmp_dest_unreach        0x800'5fbd     0xc  Code  Gb  icmp.o [9]
icmp_input               0x800'5e51   0x15e  Code  Gb  icmp.o [9]
icmp_send_response       0x800'5fd5    0x84  Code  Lc  icmp.o [9]
icmp_time_exceeded       0x800'5fc9     0xc  Code  Gb  icmp.o [9]
igmp_delaying_member     0x800'5417    0x24  Code  Lc  igmp.o [9]
igmp_init                0x800'522d     0xc  Code  Gb  igmp.o [9]
igmp_input               0x800'52df    0xbc  Code  Gb  igmp.o [9]
igmp_lookfor_group       0x800'5289    0x14  Code  Gb  igmp.o [9]
igmp_lookup_group        0x800'529d    0x42  Code  Lc  igmp.o [9]
igmp_report_groups       0x800'526b    0x1e  Code  Gb  igmp.o [9]
igmp_send                0x800'543b    0x9a  Code  Lc  igmp.o [9]
igmp_start               0x800'5239    0x32  Code  Gb  igmp.o [9]
igmp_start_timer         0x800'53f5    0x22  Code  Lc  igmp.o [9]
igmp_tmr                 0x800'53a9    0x46  Code  Gb  igmp.o [9]
inet_chksum              0x800'28fb     0xc  Code  Gb  inet_chksum.o [9]
inet_chksum_pbuf         0x800'2907    0x4e  Code  Gb  inet_chksum.o [9]
inet_chksum_pseudo       0x800'2863    0x7c  Code  Gb  inet_chksum.o [9]
inseg                   0x2000'7ca8    0x14  Data  Lc  tcp_in.o [9]
ip4_addr_isbroadcast_u32
                         0x800'27d5    0x32  Code  Gb  ip4_addr.o [9]
ip4_default_multicast_netif
                        0x2000'7d1c     0x4  Data  Lc  ip4.o [9]
ip4_frag                 0x800'5a6d   0x1ca  Code  Gb  ip4_frag.o [9]
ip4_input                0x800'4565   0x1b4  Code  Gb  ip4.o [9]
ip4_input_accept         0x800'453b    0x2a  Code  Lc  ip4.o [9]
ip4_output_if            0x800'4731    0x22  Code  Gb  ip4.o [9]
ip4_output_if_opt        0x800'4753    0x3a  Code  Gb  ip4.o [9]
ip4_output_if_opt_src    0x800'478d   0x198  Code  Gb  ip4.o [9]
ip4_reass                0x800'5635   0x40a  Code  Gb  ip4_frag.o [9]
ip4_route                0x800'44cd    0x6e  Code  Gb  ip4.o [9]
ip_addr_any              0x800'aa48     0x4  Data  Gb  ip4_addr.o [9]
ip_chksum_pseudo         0x800'28df     0xc  Code  Gb  inet_chksum.o [9]
ip_data                 0x2000'7ce0    0x18  Data  Gb  ip.o [9]
ip_frag_free_pbuf_custom_ref
                         0x800'5a49     0xc  Code  Lc  ip4_frag.o [9]
ip_id                   0x2000'7d50     0x2  Data  Lc  ip4.o [9]
ip_reass_dequeue_datagram
                         0x800'5613    0x1c  Code  Lc  ip4_frag.o [9]
ip_reass_free_complete_datagram
                         0x800'5511    0x78  Code  Lc  ip4_frag.o [9]
ip_reass_pbufcount      0x2000'7d0c     0x2  Data  Lc  ip4_frag.o [9]
ip_reass_remove_oldest_datagram
                         0x800'5589    0x8a  Code  Lc  ip4_frag.o [9]
ip_reass_tmr             0x800'54e5    0x2c  Code  Gb  ip4_frag.o [9]
ipfrag_free_pbuf_custom
                         0x800'5a55    0x16  Code  Lc  ip4_frag.o [9]
ldexp                    0x800'1295          Code  Gb  ldexp.o [15]
ldexpl                   0x800'1295          Code  Gb  ldexp.o [15]
lfree                   0x2000'320c     0x4  Data  Lc  mem.o [9]
localeconv               0x800'17d9     0x4  Code  Gb  xlocale_c.o [14]
low_level_output         0x800'50a5    0x62  Code  Lc  ethernetif.o [3]
lwip_cyclic_timer        0x800'43f3    0x30  Code  Lc  timeouts.o [9]
lwip_cyclic_timers       0x800'44ac    0x20  Data  Gb  timeouts.o [9]
lwip_htonl               0x800'295f    0x1c  Code  Gb  def.o [9]
lwip_htons               0x800'2955     0xa  Code  Gb  def.o [9]
lwip_init                0x800'a43d    0x20  Code  Gb  init.o [9]
lwip_standard_chksum     0x800'2807    0x5c  Code  Gb  inet_chksum.o [9]
main                     0x800'8139    0x1e  Code  Gb  main.o [2]
mem_free                 0x800'4a3b    0xca  Code  Gb  mem.o [9]
mem_init                 0x800'4a11    0x2a  Code  Gb  mem.o [9]
mem_malloc               0x800'4bdf    0xc0  Code  Gb  mem.o [9]
mem_trim                 0x800'4b05    0xda  Code  Gb  mem.o [9]
memchr                   0x800'11a1          Code  Gb  memchr.o [16]
memcmp                   0x800'8f5d          Code  Gb  memcmp.o [16]
memp_FRAG_PBUF           0x800'a97c    0x10  Data  Gb  memp.o [9]
memp_IGMP_GROUP          0x800'a98c    0x10  Data  Gb  memp.o [9]
memp_PBUF                0x800'a9ac    0x10  Data  Gb  memp.o [9]
memp_PBUF_POOL           0x800'a9bc    0x10  Data  Gb  memp.o [9]
memp_REASSDATA           0x800'a96c    0x10  Data  Gb  memp.o [9]
memp_SYS_TIMEOUT         0x800'a99c    0x10  Data  Gb  memp.o [9]
memp_TCP_PCB             0x800'a93c    0x10  Data  Gb  memp.o [9]
memp_TCP_PCB_LISTEN      0x800'a94c    0x10  Data  Gb  memp.o [9]
memp_TCP_SEG             0x800'a95c    0x10  Data  Gb  memp.o [9]
memp_UDP_PCB             0x800'a92c    0x10  Data  Gb  memp.o [9]
memp_free                0x800'49b1    0x20  Code  Gb  memp.o [9]
memp_init                0x800'495f    0x1a  Code  Gb  memp.o [9]
memp_init_pool           0x800'4939    0x26  Code  Gb  memp.o [9]
memp_malloc              0x800'4989    0x1e  Code  Gb  memp.o [9]
memp_memory_FRAG_PBUF_base
                        0x2000'72a0   0x16c  Data  Gb  memp.o [9]
memp_memory_IGMP_GROUP_base
                        0x2000'7b10    0x84  Data  Gb  memp.o [9]
memp_memory_PBUF_POOL_base
                        0x2000'01e0  0x3024  Data  Gb  memp.o [9]
memp_memory_PBUF_base   0x2000'79dc    0xa4  Data  Gb  memp.o [9]
memp_memory_REASSDATA_base
                        0x2000'7894    0xa4  Data  Gb  memp.o [9]
memp_memory_SYS_TIMEOUT_base
                        0x2000'7938    0xa4  Data  Gb  memp.o [9]
memp_memory_TCP_PCB_LISTEN_base
                        0x2000'7a80    0x90  Data  Gb  memp.o [9]
memp_memory_TCP_PCB_base
                        0x2000'66c8   0x5f4  Data  Gb  memp.o [9]
memp_memory_TCP_SEG_base
                        0x2000'77f0    0xa4  Data  Gb  memp.o [9]
memp_memory_UDP_PCB_base
                        0x2000'760c    0xf4  Data  Gb  memp.o [9]
memp_pools               0x800'a790    0x28  Data  Gb  memp.o [9]
memp_tab_FRAG_PBUF      0x2000'7d34     0x4  Data  Lc  memp.o [9]
memp_tab_IGMP_GROUP     0x2000'7d38     0x4  Data  Lc  memp.o [9]
memp_tab_PBUF           0x2000'7d40     0x4  Data  Lc  memp.o [9]
memp_tab_PBUF_POOL      0x2000'7d44     0x4  Data  Lc  memp.o [9]
memp_tab_REASSDATA      0x2000'7d30     0x4  Data  Lc  memp.o [9]
memp_tab_SYS_TIMEOUT    0x2000'7d3c     0x4  Data  Lc  memp.o [9]
memp_tab_TCP_PCB        0x2000'7d24     0x4  Data  Lc  memp.o [9]
memp_tab_TCP_PCB_LISTEN
                        0x2000'7d28     0x4  Data  Lc  memp.o [9]
memp_tab_TCP_SEG        0x2000'7d2c     0x4  Data  Lc  memp.o [9]
memp_tab_UDP_PCB        0x2000'7d20     0x4  Data  Lc  memp.o [9]
netif_add                0x800'4de1    0xc0  Code  Gb  netif.o [9]
netif_default           0x2000'7d00     0x4  Data  Gb  netif.o [9]
netif_do_ip_addr_changed
                         0x800'4ebd    0x14  Code  Lc  netif.o [9]
netif_do_set_gw          0x800'4f21    0x18  Code  Lc  netif.o [9]
netif_do_set_ipaddr      0x800'4ed1    0x38  Code  Lc  netif.o [9]
netif_do_set_netmask     0x800'4f09    0x18  Code  Lc  netif.o [9]
netif_get_by_index       0x800'5041    0x22  Code  Gb  netif.o [9]
netif_init               0x800'4ddd     0x2  Code  Gb  netif.o [9]
netif_issue_reports      0x800'4fd1    0x36  Code  Lc  netif.o [9]
netif_list              0x2000'7cfc     0x4  Data  Gb  netif.o [9]
netif_null_output_ip4    0x800'503b     0x6  Code  Lc  netif.o [9]
netif_num               0x2000'7cf8     0x1  Data  Lc  netif.o [9]
netif_set_addr           0x800'4f39    0x58  Code  Gb  netif.o [9]
netif_set_default        0x800'4f91     0x6  Code  Gb  netif.o [9]
netif_set_down           0x800'5009    0x2a  Code  Gb  netif.o [9]
netif_set_link_callback
                         0x800'5033     0x8  Code  Gb  netif.o [9]
netif_set_up             0x800'4fa9    0x28  Code  Gb  netif.o [9]
next_timeout            0x2000'7d14     0x4  Data  Lc  timeouts.o [9]
obuf                    0x2000'7c18    0x50  Data  Lc  xfiles.o [14]
pbuf_add_header          0x800'2b9d     0xa  Code  Gb  pbuf.o [9]
pbuf_add_header_impl     0x800'2b4d    0x50  Code  Lc  pbuf.o [9]
pbuf_alloc               0x800'2999    0xea  Code  Gb  pbuf.o [9]
pbuf_alloc_reference     0x800'2a8d    0x2c  Code  Gb  pbuf.o [9]
pbuf_alloced_custom      0x800'2ab9    0x38  Code  Gb  pbuf.o [9]
pbuf_cat                 0x800'2c95    0x2e  Code  Gb  pbuf.o [9]
pbuf_clen                0x800'2c77    0x12  Code  Gb  pbuf.o [9]
pbuf_clone               0x800'2e19    0x1e  Code  Gb  pbuf.o [9]
pbuf_copy                0x800'2cc5    0xa6  Code  Gb  pbuf.o [9]
pbuf_copy_partial        0x800'2d7d    0x74  Code  Gb  pbuf.o [9]
pbuf_free                0x800'2c23    0x54  Code  Gb  pbuf.o [9]
pbuf_header_force        0x800'2c19     0xa  Code  Gb  pbuf.o [9]
pbuf_header_impl         0x800'2c05    0x14  Code  Lc  pbuf.o [9]
pbuf_init_alloced_pbuf   0x800'297d    0x1c  Code  Lc  pbuf.o [9]
pbuf_realloc             0x800'2af1    0x5c  Code  Gb  pbuf.o [9]
pbuf_ref                 0x800'2c89     0xc  Code  Gb  pbuf.o [9]
pbuf_remove_header       0x800'2ba9    0x3a  Code  Gb  pbuf.o [9]
printf                   0x800'4cad    0x28  Code  Gb  printf.o [14]
putchar                  0x800'a629    0x44  Code  Gb  putchar.o [14]
ram                     0x2000'3204     0x4  Data  Lc  mem.o [9]
ram_end                 0x2000'3208     0x4  Data  Lc  mem.o [9]
ram_heap                0x2000'3210  0x2814  Data  Gb  mem.o [9]
rand                     0x800'4cd5    0xde  Code  Gb  rand.o [14]
reassdatagrams          0x2000'7d10     0x4  Data  Lc  ip4_frag.o [9]
recv_acked              0x2000'7cc2     0x2  Data  Lc  tcp_in.o [9]
recv_data               0x2000'7cd8     0x4  Data  Lc  tcp_in.o [9]
recv_flags              0x2000'7ca5     0x1  Data  Lc  tcp_in.o [9]
scalbln                  0x800'1295          Code  Gb  ldexp.o [15]
scalblnl                 0x800'1295          Code  Gb  ldexp.o [15]
scalbn                   0x800'1295          Code  Gb  ldexp.o [15]
scalbnl                  0x800'1295          Code  Gb  ldexp.o [15]
scale                    0x800'1015    0x44  Code  Lc  xprintffull_nomb.o [14]
sec_hand                0x2000'7d4c     0x4  Data  Lc  xfail_s.o [14]
seqno                   0x2000'7cd0     0x4  Data  Lc  tcp_in.o [9]
strchr                   0x800'10b9          Code  Gb  strchr.o [16]
strlen                   0x800'1191          Code  Gb  strlen.o [16]
sys_check_timeouts       0x800'445b    0x38  Code  Gb  timeouts.o [9]
sys_now                  0x800'51e1     0x8  Code  Gb  ethernetif.o [3]
sys_timeout              0x800'4443    0x18  Code  Gb  timeouts.o [9]
sys_timeout_abs          0x800'43a5    0x4e  Code  Lc  timeouts.o [9]
sys_timeouts_init        0x800'4425    0x1e  Code  Gb  timeouts.o [9]
tcp_abandon              0x800'3049    0xc6  Code  Gb  tcp.o [9]
tcp_abort                0x800'313d     0xa  Code  Gb  tcp.o [9]
tcp_active_pcbs         0x2000'0020     0x4  Data  Gb  tcp.o [9]
tcp_active_pcbs_changed
                        0x2000'0010     0x1  Data  Gb  tcp.o [9]
tcp_alloc                0x800'3689   0x11e  Code  Gb  tcp.o [9]
tcp_backoff              0x800'34d0    0x10  Data  Lc  tcp.o [9]
tcp_bound_pcbs          0x2000'0018     0x4  Data  Gb  tcp.o [9]
tcp_close                0x800'3005    0x2a  Code  Gb  tcp.o [9]
tcp_close_shutdown       0x800'2ea7    0xf6  Code  Lc  tcp.o [9]
tcp_close_shutdown_fin   0x800'2fa5    0x60  Code  Lc  tcp.o [9]
tcp_create_segment       0x800'391f    0xae  Code  Lc  tcp_out.o [9]
tcp_eff_send_mss_netif   0x800'3857    0x1e  Code  Gb  tcp.o [9]
tcp_enqueue_flags        0x800'3b87    0x82  Code  Gb  tcp_out.o [9]
tcp_fasttmr              0x800'34e1    0x68  Code  Gb  tcp.o [9]
tcp_free                 0x800'2e83     0xc  Code  Gb  tcp.o [9]
tcp_free_acked_segments
                         0x800'2299    0x68  Code  Lc  tcp_in.o [9]
tcp_get_next_optbyte     0x800'2725    0x26  Code  Lc  tcp_in.o [9]
tcp_init                 0x800'2e6d    0x16  Code  Gb  tcp.o [9]
tcp_input                0x800'190d   0x94c  Code  Gb  tcp_in.o [9]
tcp_input_delayed_close
                         0x800'2259    0x3a  Code  Lc  tcp_in.o [9]
tcp_input_pcb           0x2000'7cdc     0x4  Data  Gb  tcp_in.o [9]
tcp_keepalive            0x800'425d    0x2e  Code  Gb  tcp_out.o [9]
tcp_kill_state           0x800'364d    0x34  Code  Lc  tcp.o [9]
tcp_listen_pcbs         0x2000'001c     0x4  Data  Gb  tcp.o [9]
tcp_netif_ip_addr_changed
                         0x800'3895    0x42  Code  Gb  tcp.o [9]
tcp_netif_ip_addr_changed_pcblist
                         0x800'3875    0x20  Code  Lc  tcp.o [9]
tcp_next_iss             0x800'384b     0xc  Code  Gb  tcp.o [9]
tcp_next_iss::iss       0x2000'0028     0x4  Data  Lc  tcp.o [9]
tcp_optidx              0x2000'7cc0     0x2  Data  Lc  tcp_in.o [9]
tcp_output               0x800'3c0d   0x334  Code  Gb  tcp_out.o [9]
tcp_output_alloc_header
                         0x800'4143    0x2a  Code  Lc  tcp_out.o [9]
tcp_output_alloc_header_common
                         0x800'40b7    0x8c  Code  Lc  tcp_out.o [9]
tcp_output_control_segment
                         0x800'416d    0x64  Code  Lc  tcp_out.o [9]
tcp_parseopt             0x800'274b    0x64  Code  Lc  tcp_in.o [9]
tcp_pcb_lists            0x800'31d4    0x10  Data  Gb  tcp.o [9]
tcp_pcb_purge            0x800'37b5    0x4a  Code  Gb  tcp.o [9]
tcp_pcb_remove           0x800'37ff    0x4c  Code  Gb  tcp.o [9]
tcp_persist_backoff      0x800'34c8     0x8  Data  Lc  tcp.o [9]
tcp_port                0x2000'01dc     0x2  Data  Lc  tcp.o [9]
tcp_process_refused_data
                         0x800'354d    0x7c  Code  Gb  tcp.o [9]
tcp_receive              0x800'230d   0x402  Code  Lc  tcp_in.o [9]
tcp_recv_null            0x800'35fd    0x32  Code  Gb  tcp.o [9]
tcp_recved               0x800'317d    0x40  Code  Gb  tcp.o [9]
tcp_rexmit               0x800'3ff7    0x6c  Code  Gb  tcp_out.o [9]
tcp_rexmit_fast          0x800'4063    0x54  Code  Gb  tcp_out.o [9]
tcp_rexmit_rto           0x800'3fe3    0x14  Code  Gb  tcp_out.o [9]
tcp_rexmit_rto_commit    0x800'3fcd    0x16  Code  Gb  tcp_out.o [9]
tcp_rexmit_rto_prepare   0x800'3f4d    0x80  Code  Gb  tcp_out.o [9]
tcp_route                0x800'3905    0x1a  Code  Lc  tcp_out.o [9]
tcp_rst                  0x800'41d1    0x40  Code  Gb  tcp_out.o [9]
tcp_seg_free             0x800'35e3    0x1a  Code  Gb  tcp.o [9]
tcp_segs_free            0x800'35d1    0x12  Code  Gb  tcp.o [9]
tcp_send_empty_ack       0x800'4211    0x46  Code  Gb  tcp_out.o [9]
tcp_send_fin             0x800'3b2f    0x58  Code  Gb  tcp_out.o [9]
tcp_slowtmr              0x800'31f1   0x2d4  Code  Gb  tcp.o [9]
tcp_split_unsent_seg     0x800'39cd   0x162  Code  Gb  tcp_out.o [9]
tcp_ticks               0x2000'0014     0x4  Data  Gb  tcp.o [9]
tcp_timer               0x2000'7d53     0x1  Data  Lc  tcp.o [9]
tcp_timer_ctr           0x2000'0011     0x1  Data  Lc  tcp.o [9]
tcp_timer_needed         0x800'4379    0x2c  Code  Gb  timeouts.o [9]
tcp_tmr                  0x800'2e8f    0x18  Code  Gb  tcp.o [9]
tcp_trigger_input_pcb_close
                         0x800'27af     0xc  Code  Gb  tcp_in.o [9]
tcp_tw_pcbs             0x2000'0024     0x4  Data  Gb  tcp.o [9]
tcp_update_rcv_ann_wnd   0x800'3149    0x32  Code  Gb  tcp.o [9]
tcp_zero_window_probe    0x800'428b    0xb8  Code  Gb  tcp_out.o [9]
tcphdr                  0x2000'7cc8     0x4  Data  Lc  tcp_in.o [9]
tcphdr_opt1len          0x2000'7cbe     0x2  Data  Lc  tcp_in.o [9]
tcphdr_opt2             0x2000'7ccc     0x4  Data  Lc  tcp_in.o [9]
tcphdr_optlen           0x2000'7cbc     0x2  Data  Lc  tcp_in.o [9]
tcpip_tcp_timer          0x800'4351    0x28  Code  Lc  timeouts.o [9]
tcpip_tcp_timer_active  0x2000'7d48     0x4  Data  Lc  timeouts.o [9]
tcplen                  0x2000'7cc4     0x2  Data  Lc  tcp_in.o [9]
udp_init                 0x800'5c5d    0x16  Code  Gb  udp.o [9]
udp_input                0x800'5c73   0x19e  Code  Gb  udp.o [9]
udp_netif_ip_addr_changed
                         0x800'5e19    0x32  Code  Gb  udp.o [9]
udp_pcbs                0x2000'0030     0x4  Data  Gb  udp.o [9]
udp_port                0x2000'002c     0x2  Data  Lc  udp.o [9]
uwTick                  0x2000'0004     0x4  Data  Gb  stm32g0xx_hal.o [7]
uwTickFreq              0x2000'0000     0x1  Data  Gb  stm32g0xx_hal.o [7]
uwTickPrio              0x2000'0008     0x4  Data  Gb  stm32g0xx_hal.o [7]


[1] = C:\Users\hp\Documents\STM32_PROJECTS\rndis_final\EWARM\rndis_final\Obj\Application\EWARM
[2] = C:\Users\hp\Documents\STM32_PROJECTS\rndis_final\EWARM\rndis_final\Obj\Application\User\Core
[3] = C:\Users\hp\Documents\STM32_PROJECTS\rndis_final\EWARM\rndis_final\Obj\Application\User\lwip\Target
[4] = C:\Users\hp\Documents\STM32_PROJECTS\rndis_final\EWARM\rndis_final\Obj\Application\User\rndis\App
[5] = C:\Users\hp\Documents\STM32_PROJECTS\rndis_final\EWARM\rndis_final\Obj\Application\User\rndis\Target
[6] = C:\Users\hp\Documents\STM32_PROJECTS\rndis_final\EWARM\rndis_final\Obj\Drivers\CMSIS
[7] = C:\Users\hp\Documents\STM32_PROJECTS\rndis_final\EWARM\rndis_final\Obj\Drivers\STM32G0xx_HAL_Driver
[8] = C:\Users\hp\Documents\STM32_PROJECTS\rndis_final\EWARM\rndis_final\Obj\Middlewares\Lwip_lib\api
[9] = C:\Users\hp\Documents\STM32_PROJECTS\rndis_final\EWARM\rndis_final\Obj\Middlewares\Lwip_lib\core
[10] = C:\Users\hp\Documents\STM32_PROJECTS\rndis_final\EWARM\rndis_final\Obj\Middlewares\Lwip_lib\netif
[11] = C:\Users\hp\Documents\STM32_PROJECTS\rndis_final\EWARM\rndis_final\Obj\Middlewares\Lwip_lib\system
[12] = C:\Users\hp\Documents\STM32_PROJECTS\rndis_final\EWARM\rndis_final\Obj\Middlewares\usb_device_lib\cdc_rndis
[13] = C:\Users\hp\Documents\STM32_PROJECTS\rndis_final\EWARM\rndis_final\Obj\Middlewares\usb_device_lib\core
[14] = dl6M_tlf.a
[15] = m6M_tl.a
[16] = rt6M_tl.a
[17] = shb_l.a

  42'733 bytes of readonly  code memory
   1'183 bytes of readonly  data memory
  33'108 bytes of readwrite data memory

Errors: none
Warnings: none
